// Jest Snapshot v1, https://goo.gl/fbAQLP

exports[`rendering should match snapshot 1`] = `
<Broadcast
  channel="@flopflip"
  value={Object {}}
>
  <ChildComponent />
</Broadcast>
`;
